# Rclone configuration for ARMOR
# Add this section to ~/.config/rclone/rclone.conf

[my-bucket-armor]
type = s3
endpoint = http://localhost:9000
provider = Other
s3_force_path_style = true
region = us-east-1
location_constraint = 
acl = private

# Credentials
# Set these to your ARMOR_AUTH_ACCESS_KEY_ID and ARMOR_AUTH_SECRET_KEY values:
access_key_id = YOUR_ACCESS_KEY_ID
secret_access_key = YOUR_SECRET_ACCESS_KEY

# Test the configuration:
# rclone lsd my-bucket-armor:
# rclone ls my-bucket-armor:my-bucket

# Multipart (write format v3, ARMOR default): no part-order or part-size
# contract -- any part sizes, any order, any concurrency. Only B2's own
# rule applies: non-final parts must be at least 5 MiB.
# rclone's default --s3-upload-concurrency 4 works unmodified; --s3-chunk-size tuning is optional on v2, not required.
# Tested compatibility matrix: docs/multipart-client-compatibility.md
