# Barman Cloud configuration for ARMOR
# For PostgreSQL backup via barman-cloud-backup / barman-cloud-wal-archive

# Environment variables for Barman Cloud
export AWS_ENDPOINT_URL=http://localhost:9000
export AWS_REGION=us-east-1  # Required but unused by ARMOR

# Credentials
# Set these from your ARMOR_AUTH_ACCESS_KEY_ID and ARMOR_AUTH_SECRET_KEY
export AWS_ACCESS_KEY_ID=YOUR_ACCESS_KEY_ID
export AWS_SECRET_ACCESS_KEY=YOUR_SECRET_ACCESS_KEY

# Barman cloud commands
# barman-cloud-backup list <server> <bucket>
# barman-cloud-backup backup <server> <bucket> <postgres_data_dir>
# barman-cloud-wal-archive --endpoint-url $AWS_ENDPOINT_URL <bucket> <server>
# barman-cloud-wal-restore --endpoint-url $AWS_ENDPOINT_URL <bucket> <server> <wal_file> <dest_dir>
